2026-08-07 [ERROR] test failure sample
2026-08-08 02:25:52 [INFO ] [tid=0] [SHAREDSTR::sstr_pool_init:30] shared string pool initialized (hint=1024)
2026-08-08 02:25:52 [INFO ] [tid=0] [MAIN::main:645] === Telecom Subscriber Management System starting ===
2026-08-08 02:25:52 [INFO ] [tid=0] [AUTH::auth_init:422] no credential store found, bootstrapping default accounts
2026-08-08 02:26:03 [INFO ] [tid=0] [AUTH::save_users_locked:260] writing temp credential store 'data/users.csv.tmp'
2026-08-08 02:26:03 [INFO ] [tid=0] [AUTH::save_users_locked:339] replacing credential store 'data/users.csv'
2026-08-08 02:26:03 [INFO ] [tid=0] [MEMPOOL::mempool_create:67] pool created block_size=88 blocks_per_slab=256
2026-08-08 02:26:03 [INFO ] [tid=0] [SUBSCRIBER::subdb_create:153] subscriber database created
2026-08-08 02:26:03 [ERROR] [tid=0] [SUBSCRIBER::subdb_load_csv:903] load_csv: cannot open 'data/subscribers.csv': No such file or directory
2026-08-08 02:26:04 [INFO ] [tid=0] [SUBSCRIBER::subdb_save_csv:892] saved 0 subscriber(s) to 'data/subscribers.csv'
2026-08-08 02:26:04 [INFO ] [tid=0] [SUBSCRIBER::subdb_destroy:204] subscriber database destroyed
2026-08-08 02:26:05 [INFO ] [tid=0] [AUTH::save_users_locked:260] writing temp credential store 'data/users.csv.tmp'
2026-08-08 02:26:05 [INFO ] [tid=0] [AUTH::save_users_locked:339] replacing credential store 'data/users.csv'
2026-08-08 02:26:05 [INFO ] [tid=0] [MAIN::main:678] === Telecom Subscriber Management System shutting down ===
2026-08-08 02:26:09 [INFO ] [tid=0] [SHAREDSTR::sstr_pool_init:30] shared string pool initialized (hint=1024)
2026-08-08 02:26:10 [INFO ] [tid=0] [MAIN::main:645] === Telecom Subscriber Management System starting ===
2026-08-08 02:26:10 [INFO ] [tid=0] [MEMPOOL::mempool_create:67] pool created block_size=88 blocks_per_slab=256
2026-08-08 02:26:10 [INFO ] [tid=0] [SUBSCRIBER::subdb_create:153] subscriber database created
2026-08-08 02:26:10 [INFO ] [tid=0] [SUBSCRIBER::subdb_load_csv:958] load_csv: loaded=0 skipped=0 from 'data/subscribers.csv'
2026-08-08 02:26:11 [INFO ] [tid=0] [SUBSCRIBER::subdb_save_csv:892] saved 0 subscriber(s) to 'data/subscribers.csv'
2026-08-08 02:26:11 [INFO ] [tid=0] [SUBSCRIBER::subdb_destroy:204] subscriber database destroyed
2026-08-08 02:26:11 [INFO ] [tid=0] [AUTH::save_users_locked:260] writing temp credential store 'data/users.csv.tmp'
2026-08-08 02:26:11 [INFO ] [tid=0] [AUTH::save_users_locked:339] replacing credential store 'data/users.csv'
2026-08-08 02:26:11 [INFO ] [tid=0] [MAIN::main:678] === Telecom Subscriber Management System shutting down ===
2026-08-08 02:56:57 [INFO ] [tid=0] [SHAREDSTR::sstr_pool_init:30] shared string pool initialized (hint=1024)
2026-08-08 02:56:57 [INFO ] [tid=0] [MAIN::main:645] === Telecom Subscriber Management System starting ===
2026-08-08 02:56:57 [INFO ] [tid=0] [MEMPOOL::mempool_create:67] pool created block_size=88 blocks_per_slab=256
2026-08-08 02:56:57 [INFO ] [tid=0] [SUBSCRIBER::subdb_create:153] subscriber database created
2026-08-08 02:56:57 [INFO ] [tid=0] [SUBSCRIBER::subdb_load_csv:958] load_csv: loaded=0 skipped=0 from 'data/subscribers.csv'
2026-08-08 02:56:59 [INFO ] [tid=0] [SUBSCRIBER::subdb_save_csv:892] saved 0 subscriber(s) to 'data/subscribers.csv'
2026-08-08 02:56:59 [INFO ] [tid=0] [SUBSCRIBER::subdb_destroy:204] subscriber database destroyed
2026-08-08 02:56:59 [INFO ] [tid=0] [AUTH::save_users_locked:260] writing temp credential store 'data/users.csv.tmp'
2026-08-08 02:56:59 [INFO ] [tid=0] [AUTH::save_users_locked:339] replacing credential store 'data/users.csv'
2026-08-08 02:56:59 [INFO ] [tid=0] [MAIN::main:678] === Telecom Subscriber Management System shutting down ===
2026-08-08 02:57:09 [INFO ] [tid=0] [SHAREDSTR::sstr_pool_init:30] shared string pool initialized (hint=1024)
2026-08-08 02:57:09 [INFO ] [tid=0] [MAIN::main:645] === Telecom Subscriber Management System starting ===
2026-08-08 02:57:09 [INFO ] [tid=0] [MEMPOOL::mempool_create:67] pool created block_size=88 blocks_per_slab=256
2026-08-08 02:57:09 [INFO ] [tid=0] [SUBSCRIBER::subdb_create:153] subscriber database created
2026-08-08 02:57:09 [INFO ] [tid=0] [SUBSCRIBER::subdb_load_csv:958] load_csv: loaded=0 skipped=0 from 'data/subscribers.csv'
2026-08-08 02:57:11 [INFO ] [tid=0] [SUBSCRIBER::subdb_save_csv:892] saved 0 subscriber(s) to 'data/subscribers.csv'
2026-08-08 02:57:11 [INFO ] [tid=0] [SUBSCRIBER::subdb_destroy:204] subscriber database destroyed
2026-08-08 02:57:11 [INFO ] [tid=0] [AUTH::save_users_locked:260] writing temp credential store 'data/users.csv.tmp'
2026-08-08 02:57:11 [INFO ] [tid=0] [AUTH::save_users_locked:339] replacing credential store 'data/users.csv'
2026-08-08 02:57:11 [INFO ] [tid=0] [MAIN::main:678] === Telecom Subscriber Management System shutting down ===
2026-08-08 04:37:06 [INFO ] [tid=0] [SHAREDSTR::sstr_pool_init:30] shared string pool initialized (hint=1024)
2026-08-08 04:37:06 [INFO ] [tid=0] [MAIN::main:645] === Telecom Subscriber Management System starting ===
2026-08-08 04:37:06 [INFO ] [tid=0] [MEMPOOL::mempool_create:67] pool created block_size=88 blocks_per_slab=256
2026-08-08 04:37:06 [INFO ] [tid=0] [SUBSCRIBER::subdb_create:153] subscriber database created
2026-08-08 04:37:06 [INFO ] [tid=0] [SUBSCRIBER::subdb_load_csv:958] load_csv: loaded=0 skipped=0 from 'data/subscribers.csv'
2026-08-08 04:37:08 [INFO ] [tid=0] [SUBSCRIBER::subdb_save_csv:892] saved 0 subscriber(s) to 'data/subscribers.csv'
2026-08-08 04:37:08 [INFO ] [tid=0] [SUBSCRIBER::subdb_destroy:204] subscriber database destroyed
2026-08-08 04:37:08 [INFO ] [tid=0] [AUTH::save_users_locked:260] writing temp credential store 'data/users.csv.tmp'
2026-08-08 04:37:08 [INFO ] [tid=0] [AUTH::save_users_locked:339] replacing credential store 'data/users.csv'
2026-08-08 04:37:08 [INFO ] [tid=0] [MAIN::main:678] === Telecom Subscriber Management System shutting down ===
2026-08-08 04:47:52 [INFO ] [tid=0] [SHAREDSTR::sstr_pool_init:30] shared string pool initialized (hint=1024)
2026-08-08 04:47:52 [INFO ] [tid=0] [MAIN::main:645] === Telecom Subscriber Management System starting ===
2026-08-08 04:47:52 [INFO ] [tid=0] [MEMPOOL::mempool_create:67] pool created block_size=88 blocks_per_slab=256
2026-08-08 04:47:52 [INFO ] [tid=0] [SUBSCRIBER::subdb_create:153] subscriber database created
2026-08-08 04:47:52 [INFO ] [tid=0] [SUBSCRIBER::subdb_load_csv:958] load_csv: loaded=0 skipped=0 from 'data/subscribers.csv'
2026-08-08 04:48:06 [INFO ] [tid=0] [AUTH::save_users_locked:260] writing temp credential store 'data/users.csv.tmp'
2026-08-08 04:48:06 [INFO ] [tid=0] [AUTH::save_users_locked:339] replacing credential store 'data/users.csv'
2026-08-08 04:48:06 [INFO ] [tid=0] [AUTH::auth_login:536] user 'admin' (role=ADMIN) logged in
2026-08-08 04:48:08 [INFO ] [tid=0] [AUTH::auth_logout:548] user 'admin' logged out
2026-08-08 04:48:08 [INFO ] [tid=0] [SUBSCRIBER::subdb_save_csv:892] saved 0 subscriber(s) to 'data/subscribers.csv'
2026-08-08 04:48:08 [INFO ] [tid=0] [SUBSCRIBER::subdb_destroy:204] subscriber database destroyed
2026-08-08 04:48:08 [INFO ] [tid=0] [AUTH::save_users_locked:260] writing temp credential store 'data/users.csv.tmp'
2026-08-08 04:48:08 [INFO ] [tid=0] [AUTH::save_users_locked:339] replacing credential store 'data/users.csv'
2026-08-08 04:48:08 [INFO ] [tid=0] [MAIN::main:678] === Telecom Subscriber Management System shutting down ===
2026-08-08 04:49:07 [INFO ] [tid=0] [SHAREDSTR::sstr_pool_init:30] shared string pool initialized (hint=1024)
2026-08-08 04:49:07 [INFO ] [tid=0] [MAIN::main:645] === Telecom Subscriber Management System starting ===
2026-08-08 04:49:07 [INFO ] [tid=0] [MEMPOOL::mempool_create:67] pool created block_size=88 blocks_per_slab=256
2026-08-08 04:49:07 [INFO ] [tid=0] [SUBSCRIBER::subdb_create:153] subscriber database created
2026-08-08 04:49:07 [INFO ] [tid=0] [SUBSCRIBER::subdb_load_csv:958] load_csv: loaded=0 skipped=0 from 'data/subscribers.csv'
2026-08-08 04:49:17 [INFO ] [tid=0] [AUTH::save_users_locked:260] writing temp credential store 'data/users.csv.tmp'
2026-08-08 04:49:17 [INFO ] [tid=0] [AUTH::save_users_locked:339] replacing credential store 'data/users.csv'
2026-08-08 04:49:17 [INFO ] [tid=0] [AUTH::auth_login:536] user 'admin' (role=ADMIN) logged in
2026-08-08 04:49:19 [INFO ] [tid=0] [MAIN::action_report:403] user 'admin' generated a subscriber report (total=0)
2026-08-08 04:49:24 [INFO ] [tid=0] [AUTH::auth_logout:548] user 'admin' logged out
2026-08-08 04:49:24 [INFO ] [tid=0] [SUBSCRIBER::subdb_save_csv:892] saved 0 subscriber(s) to 'data/subscribers.csv'
2026-08-08 04:49:24 [INFO ] [tid=0] [SUBSCRIBER::subdb_destroy:204] subscriber database destroyed
2026-08-08 04:49:24 [INFO ] [tid=0] [AUTH::save_users_locked:260] writing temp credential store 'data/users.csv.tmp'
2026-08-08 04:49:24 [INFO ] [tid=0] [AUTH::save_users_locked:339] replacing credential store 'data/users.csv'
2026-08-08 04:49:24 [INFO ] [tid=0] [MAIN::main:678] === Telecom Subscriber Management System shutting down ===
2026-08-08 04:55:58 [INFO ] [tid=0] [SHAREDSTR::sstr_pool_init:30] shared string pool initialized (hint=1024)
2026-08-08 04:55:58 [INFO ] [tid=0] [MAIN::main:645] === Telecom Subscriber Management System starting ===
2026-08-08 04:55:58 [INFO ] [tid=0] [MEMPOOL::mempool_create:67] pool created block_size=88 blocks_per_slab=256
2026-08-08 04:55:58 [INFO ] [tid=0] [SUBSCRIBER::subdb_create:153] subscriber database created
2026-08-08 04:55:58 [INFO ] [tid=0] [SUBSCRIBER::subdb_load_csv:958] load_csv: loaded=0 skipped=0 from 'data/subscribers.csv'
2026-08-09 01:35:24 [INFO ] [tid=0] [SHAREDSTR::sstr_pool_init:30] shared string pool initialized (hint=1024)
2026-08-09 01:35:24 [INFO ] [tid=0] [MAIN::main:645] === Telecom Subscriber Management System starting ===
2026-08-09 01:35:24 [INFO ] [tid=0] [MEMPOOL::mempool_create:67] pool created block_size=88 blocks_per_slab=256
2026-08-09 01:35:24 [INFO ] [tid=0] [SUBSCRIBER::subdb_create:153] subscriber database created
2026-08-09 01:35:24 [INFO ] [tid=0] [SUBSCRIBER::subdb_load_csv:958] load_csv: loaded=0 skipped=0 from 'data/subscribers.csv'
2026-08-09 01:35:43 [INFO ] [tid=0] [AUTH::save_users_locked:260] writing temp credential store 'data/users.csv.tmp'
2026-08-09 01:35:43 [INFO ] [tid=0] [AUTH::save_users_locked:339] replacing credential store 'data/users.csv'
2026-08-09 01:35:43 [INFO ] [tid=0] [AUTH::auth_login:536] user 'admin' (role=ADMIN) logged in
2026-08-09 01:35:58 [INFO ] [tid=0] [AUTH::auth_logout:548] user 'admin' logged out
2026-08-09 01:35:58 [INFO ] [tid=0] [SUBSCRIBER::subdb_save_csv:892] saved 0 subscriber(s) to 'data/subscribers.csv'
2026-08-09 01:35:58 [INFO ] [tid=0] [SUBSCRIBER::subdb_destroy:204] subscriber database destroyed
2026-08-09 01:35:58 [INFO ] [tid=0] [AUTH::save_users_locked:260] writing temp credential store 'data/users.csv.tmp'
2026-08-09 01:35:58 [INFO ] [tid=0] [AUTH::save_users_locked:339] replacing credential store 'data/users.csv'
2026-08-09 01:35:58 [INFO ] [tid=0] [MAIN::main:678] === Telecom Subscriber Management System shutting down ===
2026-08-09 01:45:38 [INFO ] [tid=0] [SHAREDSTR::sstr_pool_init:30] shared string pool initialized (hint=1024)
2026-08-09 01:45:38 [INFO ] [tid=0] [MAIN::main:645] === Telecom Subscriber Management System starting ===
2026-08-09 01:45:38 [INFO ] [tid=0] [MEMPOOL::mempool_create:67] pool created block_size=88 blocks_per_slab=256
2026-08-09 01:45:38 [INFO ] [tid=0] [SUBSCRIBER::subdb_create:153] subscriber database created
2026-08-09 01:45:38 [INFO ] [tid=0] [SUBSCRIBER::subdb_load_csv:958] load_csv: loaded=0 skipped=0 from 'data/subscribers.csv'
2026-08-09 01:46:24 [INFO ] [tid=0] [AUTH::save_users_locked:260] writing temp credential store 'data/users.csv.tmp'
2026-08-09 01:46:24 [INFO ] [tid=0] [AUTH::save_users_locked:339] replacing credential store 'data/users.csv'
2026-08-09 01:46:24 [INFO ] [tid=0] [AUTH::auth_login:536] user 'admin' (role=ADMIN) logged in
2026-08-09 01:46:54 [INFO ] [tid=0] [SUBSCRIBER::subdb_add:347] subscriber added id=1
2026-08-09 01:46:54 [INFO ] [tid=0] [MAIN::action_add:258] user 'admin' added subscriber (status=OK)
2026-08-09 01:47:48 [INFO ] [tid=0] [MAIN::action_report:403] user 'admin' generated a subscriber report (total=1)
2026-08-09 01:47:53 [ERROR] [tid=0] [SUBSCRIBER::subdb_save_csv:837] save_csv: cannot open temp file 'data/backups/subscribers_20260809_014753.csv.tmp': No such file or directory
2026-08-09 01:47:53 [INFO ] [tid=0] [MAIN::action_backup:419] user 'admin' triggered a backup (status=IO_ERROR)
2026-08-09 01:48:05 [INFO ] [tid=0] [AUTH::auth_logout:548] user 'admin' logged out
2026-08-09 01:48:05 [INFO ] [tid=0] [SUBSCRIBER::subdb_save_csv:892] saved 1 subscriber(s) to 'data/subscribers.csv'
2026-08-09 01:48:05 [INFO ] [tid=0] [SUBSCRIBER::subdb_destroy:204] subscriber database destroyed
2026-08-09 01:48:05 [INFO ] [tid=0] [AUTH::save_users_locked:260] writing temp credential store 'data/users.csv.tmp'
2026-08-09 01:48:05 [INFO ] [tid=0] [AUTH::save_users_locked:339] replacing credential store 'data/users.csv'
2026-08-09 01:48:05 [INFO ] [tid=0] [MAIN::main:678] === Telecom Subscriber Management System shutting down ===
2026-08-09 01:48:06 [INFO ] [tid=0] [SHAREDSTR::sstr_pool_init:30] shared string pool initialized (hint=1024)
2026-08-09 01:48:06 [INFO ] [tid=0] [MAIN::main:645] === Telecom Subscriber Management System starting ===
2026-08-09 01:48:06 [INFO ] [tid=0] [MEMPOOL::mempool_create:67] pool created block_size=88 blocks_per_slab=256
2026-08-09 01:48:06 [INFO ] [tid=0] [SUBSCRIBER::subdb_create:153] subscriber database created
2026-08-09 01:48:06 [INFO ] [tid=0] [SUBSCRIBER::subdb_add:347] subscriber added id=1
2026-08-09 01:48:06 [INFO ] [tid=0] [SUBSCRIBER::subdb_load_csv:958] load_csv: loaded=1 skipped=0 from 'data/subscribers.csv'
2026-08-09 01:48:33 [INFO ] [tid=0] [AUTH::save_users_locked:260] writing temp credential store 'data/users.csv.tmp'
2026-08-09 01:48:33 [INFO ] [tid=0] [AUTH::save_users_locked:339] replacing credential store 'data/users.csv'
2026-08-09 01:48:33 [INFO ] [tid=0] [AUTH::auth_login:536] user 'admin' (role=ADMIN) logged in
2026-08-09 01:48:42 [INFO ] [tid=0] [MAIN::action_report:403] user 'admin' generated a subscriber report (total=1)
2026-08-09 01:48:44 [ERROR] [tid=0] [SUBSCRIBER::subdb_save_csv:837] save_csv: cannot open temp file 'data/backups/subscribers_20260809_014844.csv.tmp': No such file or directory
2026-08-09 01:48:44 [INFO ] [tid=0] [MAIN::action_backup:419] user 'admin' triggered a backup (status=IO_ERROR)
2026-08-09 01:48:49 [INFO ] [tid=0] [AUTH::auth_logout:548] user 'admin' logged out
2026-08-09 01:48:49 [INFO ] [tid=0] [SUBSCRIBER::subdb_save_csv:892] saved 1 subscriber(s) to 'data/subscribers.csv'
2026-08-09 01:48:49 [INFO ] [tid=0] [SUBSCRIBER::subdb_destroy:204] subscriber database destroyed
2026-08-09 01:48:49 [INFO ] [tid=0] [AUTH::save_users_locked:260] writing temp credential store 'data/users.csv.tmp'
2026-08-09 01:48:49 [INFO ] [tid=0] [AUTH::save_users_locked:339] replacing credential store 'data/users.csv'
2026-08-09 01:48:49 [INFO ] [tid=0] [MAIN::main:678] === Telecom Subscriber Management System shutting down ===
2026-08-09 01:50:37 [INFO ] [tid=0] [SHAREDSTR::sstr_pool_init:30] shared string pool initialized (hint=1024)
2026-08-09 01:50:37 [INFO ] [tid=0] [MAIN::main:645] === Telecom Subscriber Management System starting ===
2026-08-09 01:50:37 [INFO ] [tid=0] [MEMPOOL::mempool_create:67] pool created block_size=88 blocks_per_slab=256
2026-08-09 01:50:37 [INFO ] [tid=0] [SUBSCRIBER::subdb_create:153] subscriber database created
2026-08-09 01:50:37 [INFO ] [tid=0] [SUBSCRIBER::subdb_add:347] subscriber added id=1
2026-08-09 01:50:37 [INFO ] [tid=0] [SUBSCRIBER::subdb_load_csv:958] load_csv: loaded=1 skipped=0 from 'data/subscribers.csv'
2026-08-09 01:50:45 [INFO ] [tid=0] [AUTH::save_users_locked:260] writing temp credential store 'data/users.csv.tmp'
2026-08-09 01:50:45 [INFO ] [tid=0] [AUTH::save_users_locked:339] replacing credential store 'data/users.csv'
2026-08-09 01:50:45 [INFO ] [tid=0] [AUTH::auth_login:536] user 'admin' (role=ADMIN) logged in
2026-08-09 01:50:49 [INFO ] [tid=0] [SUBSCRIBER::subdb_save_csv:892] saved 1 subscriber(s) to 'data/backups/subscribers_20260809_015049.csv'
2026-08-09 01:50:49 [INFO ] [tid=0] [MAIN::action_backup:419] user 'admin' triggered a backup (status=OK)
2026-08-09 01:50:51 [INFO ] [tid=0] [AUTH::auth_logout:548] user 'admin' logged out
2026-08-09 01:50:51 [INFO ] [tid=0] [SUBSCRIBER::subdb_save_csv:892] saved 1 subscriber(s) to 'data/subscribers.csv'
2026-08-09 01:50:51 [INFO ] [tid=0] [SUBSCRIBER::subdb_destroy:204] subscriber database destroyed
2026-08-09 01:50:51 [INFO ] [tid=0] [AUTH::save_users_locked:260] writing temp credential store 'data/users.csv.tmp'
2026-08-09 01:50:51 [INFO ] [tid=0] [AUTH::save_users_locked:339] replacing credential store 'data/users.csv'
2026-08-09 01:50:51 [INFO ] [tid=0] [MAIN::main:678] === Telecom Subscriber Management System shutting down ===
